INFO:  latexindent.exe version 4.0.2, 2026-06-06, a script to indent .tex files
       latexindent.exe lives here: C:/texlive/2026/bin/windows/
       Wed Aug  5 12:59:18 2026
       Filename: C:\Users\juan.canada\Documents\PhD\Metodologia-evaluacion\Paper CEA\Evaluation Framework for Multimodal Language Models Applied to Geospatial Open Data in Agriculture\main.tex
INFO:  Processing switches:
       -s|--silent: Silent mode active (you have used either -s or --silent)
       -w|--overwrite: Overwrite mode active, will make a back up before overwriting
INFO:  Directory for backup files and log file indent.log:
       C:\Users\juan.canada\Documents\PhD\Metodologia-evaluacion\Paper CEA\Evaluation Framework for Multimodal Language Models Applied to Geospatial Open Data in Agriculture
INFO:  YAML settings read: defaultSettings.yaml
       Reading defaultSettings.yaml from C:/texlive/2026/bin/windows/defaultSettings.yaml
       Reading defaultSettings.yaml (2nd attempt) from C:/texlive/2026/bin/windows/../../texmf-dist/scripts/latexindent/defaultSettings.yaml
       and then, if necessary, C:/texlive/2026/bin/windows/LatexIndent/defaultSettings.yaml
INFO:  YAML reading settings
       Home directory is C:\Users\juan.canada
       latexindent.pl didn't find indentconfig.yaml or .indentconfig.yaml
       see all possible locations: https://latexindentpl.readthedocs.io/en/latest/sec-appendices.html#indentconfig-options
INFO:  Backup procedure (-w flag active):
       C:\Users\juan.canada\Documents\PhD\Metodologia-evaluacion\Paper CEA\Evaluation Framework for Multimodal Language Models Applied to Geospatial Open Data in Agriculture\main.bak0 already exists, incrementing by 1 (see maxNumberOfBackUps)
       C:\Users\juan.canada\Documents\PhD\Metodologia-evaluacion\Paper CEA\Evaluation Framework for Multimodal Language Models Applied to Geospatial Open Data in Agriculture\main.bak1 already exists, incrementing by 1 (see maxNumberOfBackUps)
       C:\Users\juan.canada\Documents\PhD\Metodologia-evaluacion\Paper CEA\Evaluation Framework for Multimodal Language Models Applied to Geospatial Open Data in Agriculture\main.bak2 already exists, incrementing by 1 (see maxNumberOfBackUps)
       C:\Users\juan.canada\Documents\PhD\Metodologia-evaluacion\Paper CEA\Evaluation Framework for Multimodal Language Models Applied to Geospatial Open Data in Agriculture\main.bak3 already exists, incrementing by 1 (see maxNumberOfBackUps)
       C:\Users\juan.canada\Documents\PhD\Metodologia-evaluacion\Paper CEA\Evaluation Framework for Multimodal Language Models Applied to Geospatial Open Data in Agriculture\main.bak4 already exists, incrementing by 1 (see maxNumberOfBackUps)
       C:\Users\juan.canada\Documents\PhD\Metodologia-evaluacion\Paper CEA\Evaluation Framework for Multimodal Language Models Applied to Geospatial Open Data in Agriculture\main.bak5 already exists, incrementing by 1 (see maxNumberOfBackUps)
       Backing up C:\Users\juan.canada\Documents\PhD\Metodologia-evaluacion\Paper CEA\Evaluation Framework for Multimodal Language Models Applied to Geospatial Open Data in Agriculture\main.tex to C:\Users\juan.canada\Documents\PhD\Metodologia-evaluacion\Paper CEA\Evaluation Framework for Multimodal Language Models Applied to Geospatial Open Data in Agriculture\main.bak6...
       C:\Users\juan.canada\Documents\PhD\Metodologia-evaluacion\Paper CEA\Evaluation Framework for Multimodal Language Models Applied to Geospatial Open Data in Agriculture\main.tex will be overwritten after indentation
INFO:  Output routine:
       Overwriting file C:\Users\juan.canada\Documents\PhD\Metodologia-evaluacion\Paper CEA\Evaluation Framework for Multimodal Language Models Applied to Geospatial Open Data in Agriculture\main.tex
       --------------
INFO:  Please direct all communication/issues to:
       https://github.com/cmhughes/latexindent.pl
       documentation: https://latexindentpl.readthedocs.io/en/latest/
